// Jest Snapshot v1, https://goo.gl/fbAQLP

exports[`Sort By Test renders correctly 1`] = `
<div
  className="status-bar"
>
  <div
    className="layout-row layout-align-center layout-align-space-between"
  >
    <span>
      Films by 
      action
       genre
    </span>
  </div>
</div>
`;

exports[`Sort By Test renders correctly 2`] = `
<div
  className="status-bar"
>
  <div
    className="layout-row layout-align-center layout-align-space-between"
  >
    <span>
      Films by 
      action
       genre
    </span>
  </div>
</div>
`;
