// Jest Snapshot v1, https://goo.gl/fbAQLP

exports[`Movies List Test Empty state renders correctly 1`] = `
<div>
  <h2>
    Something went wrong.
  </h2>
  <details
    style={
      Object {
        "whiteSpace": "pre-wrap",
      }
    }
  >
    TypeError: Cannot read property 'id' of undefined
    <br />
    
    in Unknown (created by App)
    in ErrorBoundary (created by App)
    in App (created by Connect(App))
    in Connect(App)
    in Provider
  </details>
</div>
`;
